// Jest Snapshot v1, https://goo.gl/fbAQLP

exports[`<UserDashboardSideBar /> Rendering should render UserDashboardSideBar correctly in debug mode 1`] = `
<aside>
  <Connect(UserInfo) />
  <div
    className="menu"
  >
    <ul>
      <li>
        <Link
          to="/vote"
        >
          Vote
        </Link>
      </li>
      <li>
        <Link
          to="/myvote"
        >
          My Votes
        </Link>
      </li>
    </ul>
  </div>
</aside>
`;
