// Jest Snapshot v1, https://goo.gl/fbAQLP

exports[`<DashboardNavBar /> Rendering should render DashboardNavBar correctly in debug mode 1`] = `
<header>
  <div
    className="title"
  >
    <h3>
      User Dashboard
    </h3>
  </div>
  <div
    className="logout-con"
  >
    <button
      className="btn btn-warning"
      id="logout"
    >
      <a
        href="#"
      >
        Logout
      </a>
    </button>
  </div>
</header>
`;
